Archive member included to satisfy reference by file (symbol)

/Applications/ARM/bin/../lib/gcc/arm-none-eabi/10.2.1/../../../../arm-none-eabi/lib/thumb/v7e-m+fp/hard/libc_nano.a(lib_a-errno.o)
                              ./Core/Src/syscalls.o (__errno)
/Applications/ARM/bin/../lib/gcc/arm-none-eabi/10.2.1/../../../../arm-none-eabi/lib/thumb/v7e-m+fp/hard/libc_nano.a(lib_a-exit.o)
                              /Applications/ARM/bin/../lib/gcc/arm-none-eabi/10.2.1/../../../../arm-none-eabi/lib/thumb/v7e-m+fp/hard/crt0.o (exit)
/Applications/ARM/bin/../lib/gcc/arm-none-eabi/10.2.1/../../../../arm-none-eabi/lib/thumb/v7e-m+fp/hard/libc_nano.a(lib_a-impure.o)
                              /Applications/ARM/bin/../lib/gcc/arm-none-eabi/10.2.1/../../../../arm-none-eabi/lib/thumb/v7e-m+fp/hard/libc_nano.a(lib_a-exit.o) (_global_impure_ptr)
/Applications/ARM/bin/../lib/gcc/arm-none-eabi/10.2.1/../../../../arm-none-eabi/lib/thumb/v7e-m+fp/hard/libc_nano.a(lib_a-init.o)
                              /Applications/ARM/bin/../lib/gcc/arm-none-eabi/10.2.1/../../../../arm-none-eabi/lib/thumb/v7e-m+fp/hard/crt0.o (__libc_init_array)
/Applications/ARM/bin/../lib/gcc/arm-none-eabi/10.2.1/../../../../arm-none-eabi/lib/thumb/v7e-m+fp/hard/libc_nano.a(lib_a-memcpy-stub.o)
                              ./Core/Src/extra_sources/custom_memory_manager.o (memcpy)
/Applications/ARM/bin/../lib/gcc/arm-none-eabi/10.2.1/../../../../arm-none-eabi/lib/thumb/v7e-m+fp/hard/libc_nano.a(lib_a-memset.o)
                              /Applications/ARM/bin/../lib/gcc/arm-none-eabi/10.2.1/../../../../arm-none-eabi/lib/thumb/v7e-m+fp/hard/crt0.o (memset)
/Applications/ARM/bin/../lib/gcc/arm-none-eabi/10.2.1/thumb/v7e-m+fp/hard/libgcc.a(_aeabi_ldivmod.o)
                              ./Core/Src/extra_sources/microros_time.o (__aeabi_ldivmod)
/Applications/ARM/bin/../lib/gcc/arm-none-eabi/10.2.1/thumb/v7e-m+fp/hard/libgcc.a(_aeabi_uldivmod.o)
                              ./Drivers/STM32F4xx_HAL_Driver/Src/stm32f4xx_hal_rcc.o (__aeabi_uldivmod)
/Applications/ARM/bin/../lib/gcc/arm-none-eabi/10.2.1/thumb/v7e-m+fp/hard/libgcc.a(_udivmoddi4.o)
                              /Applications/ARM/bin/../lib/gcc/arm-none-eabi/10.2.1/thumb/v7e-m+fp/hard/libgcc.a(_aeabi_ldivmod.o) (__udivmoddi4)
/Applications/ARM/bin/../lib/gcc/arm-none-eabi/10.2.1/thumb/v7e-m+fp/hard/libgcc.a(_dvmd_tls.o)
                              /Applications/ARM/bin/../lib/gcc/arm-none-eabi/10.2.1/thumb/v7e-m+fp/hard/libgcc.a(_aeabi_ldivmod.o) (__aeabi_ldiv0)

Discarded input sections

 .text          0x0000000000000000        0x0 /Applications/ARM/bin/../lib/gcc/arm-none-eabi/10.2.1/thumb/v7e-m+fp/hard/crti.o
 .data          0x0000000000000000        0x0 /Applications/ARM/bin/../lib/gcc/arm-none-eabi/10.2.1/thumb/v7e-m+fp/hard/crti.o
 .bss           0x0000000000000000        0x0 /Applications/ARM/bin/../lib/gcc/arm-none-eabi/10.2.1/thumb/v7e-m+fp/hard/crti.o
 .data          0x0000000000000000        0x4 /Applications/ARM/bin/../lib/gcc/arm-none-eabi/10.2.1/thumb/v7e-m+fp/hard/crtbegin.o
 .rodata        0x0000000000000000       0x24 /Applications/ARM/bin/../lib/gcc/arm-none-eabi/10.2.1/thumb/v7e-m+fp/hard/crtbegin.o
 .text          0x0000000000000000       0x7c /Applications/ARM/bin/../lib/gcc/arm-none-eabi/10.2.1/../../../../arm-none-eabi/lib/thumb/v7e-m+fp/hard/crt0.o
 .data          0x0000000000000000        0x0 /Applications/ARM/bin/../lib/gcc/arm-none-eabi/10.2.1/../../../../arm-none-eabi/lib/thumb/v7e-m+fp/hard/crt0.o
 .bss           0x0000000000000000        0x0 /Applications/ARM/bin/../lib/gcc/arm-none-eabi/10.2.1/../../../../arm-none-eabi/lib/thumb/v7e-m+fp/hard/crt0.o
 .ARM.extab     0x0000000000000000        0x0 /Applications/ARM/bin/../lib/gcc/arm-none-eabi/10.2.1/../../../../arm-none-eabi/lib/thumb/v7e-m+fp/hard/crt0.o
 .ARM.exidx     0x0000000000000000       0x10 /Applications/ARM/bin/../lib/gcc/arm-none-eabi/10.2.1/../../../../arm-none-eabi/lib/thumb/v7e-m+fp/hard/crt0.o
 .ARM.attributes
                0x0000000000000000       0x1c /Applications/ARM/bin/../lib/gcc/arm-none-eabi/10.2.1/../../../../arm-none-eabi/lib/thumb/v7e-m+fp/hard/crt0.o
 .group         0x0000000000000000        0xc ./Core/Src/extra_sources/custom_memory_manager.o
 .group         0x0000000000000000        0xc ./Core/Src/extra_sources/custom_memory_manager.o
 .group         0x0000000000000000        0xc ./Core/Src/extra_sources/custom_memory_manager.o
 .group         0x0000000000000000        0xc ./Core/Src/extra_sources/custom_memory_manager.o
 .group         0x0000000000000000        0xc ./Core/Src/extra_sources/custom_memory_manager.o
 .group         0x0000000000000000        0xc ./Core/Src/extra_sources/custom_memory_manager.o
 .group         0x0000000000000000        0xc ./Core/Src/extra_sources/custom_memory_manager.o
 .group         0x0000000000000000        0xc ./Core/Src/extra_sources/custom_memory_manager.o
[...]
Memory Configuration

Name             Origin             Length             Attributes
RAM              0x0000000020000000 0x0000000000020000 xrw
FLASH            0x0000000008000000 0x0000000000080000 xr
*default*        0x0000000000000000 0xffffffffffffffff

Linker script and memory map

LOAD /Applications/ARM/bin/../lib/gcc/arm-none-eabi/10.2.1/thumb/v7e-m+fp/hard/crti.o
LOAD /Applications/ARM/bin/../lib/gcc/arm-none-eabi/10.2.1/thumb/v7e-m+fp/hard/crtbegin.o
LOAD /Applications/ARM/bin/../lib/gcc/arm-none-eabi/10.2.1/../../../../arm-none-eabi/lib/thumb/v7e-m+fp/hard/crt0.o
LOAD ./Core/Src/extra_sources/custom_memory_manager.o
LOAD ./Core/Src/extra_sources/dma_transport.o
LOAD ./Core/Src/extra_sources/microros_allocators.o
LOAD ./Core/Src/extra_sources/microros_time.o
LOAD ./Core/Src/freertos.o
LOAD ./Core/Src/main.o
LOAD ./Core/Src/stm32f4xx_hal_msp.o
LOAD ./Core/Src/stm32f4xx_it.o
LOAD ./Core/Src/syscalls.o
LOAD ./Core/Src/sysmem.o
LOAD ./Core/Src/system_stm32f4xx.o
LOAD ./Core/Startup/startup_stm32f446zetx.o
LOAD ./Drivers/STM32F4xx_HAL_Driver/Src/stm32f4xx_hal.o
LOAD ./Drivers/STM32F4xx_HAL_Driver/Src/stm32f4xx_hal_cortex.o
LOAD ./Drivers/STM32F4xx_HAL_Driver/Src/stm32f4xx_hal_dma.o
LOAD ./Drivers/STM32F4xx_HAL_Driver/Src/stm32f4xx_hal_dma_ex.o
LOAD ./Drivers/STM32F4xx_HAL_Driver/Src/stm32f4xx_hal_exti.o
LOAD ./Drivers/STM32F4xx_HAL_Driver/Src/stm32f4xx_hal_flash.o
LOAD ./Drivers/STM32F4xx_HAL_Driver/Src/stm32f4xx_hal_flash_ex.o
LOAD ./Drivers/STM32F4xx_HAL_Driver/Src/stm32f4xx_hal_flash_ramfunc.o
LOAD ./Drivers/STM32F4xx_HAL_Driver/Src/stm32f4xx_hal_gpio.o
LOAD ./Drivers/STM32F4xx_HAL_Driver/Src/stm32f4xx_hal_pwr.o
LOAD ./Drivers/STM32F4xx_HAL_Driver/Src/stm32f4xx_hal_pwr_ex.o
LOAD ./Drivers/STM32F4xx_HAL_Driver/Src/stm32f4xx_hal_rcc.o
LOAD ./Drivers/STM32F4xx_HAL_Driver/Src/stm32f4xx_hal_rcc_ex.o
LOAD ./Drivers/STM32F4xx_HAL_Driver/Src/stm32f4xx_hal_tim.o
LOAD ./Drivers/STM32F4xx_HAL_Driver/Src/stm32f4xx_hal_tim_ex.o
LOAD ./Drivers/STM32F4xx_HAL_Driver/Src/stm32f4xx_hal_uart.o
LOAD ./Middlewares/Third_Party/FreeRTOS/Source/CMSIS_RTOS_V2/cmsis_os2.o
LOAD ./Middlewares/Third_Party/FreeRTOS/Source/croutine.o
LOAD ./Middlewares/Third_Party/FreeRTOS/Source/event_groups.o
LOAD ./Middlewares/Third_Party/FreeRTOS/Source/list.o
LOAD ./Middlewares/Third_Party/FreeRTOS/Source/queue.o
LOAD ./Middlewares/Third_Party/FreeRTOS/Source/stream_buffer.o
LOAD ./Middlewares/Third_Party/FreeRTOS/Source/tasks.o
LOAD ./Middlewares/Third_Party/FreeRTOS/Source/timers.o
LOAD ./Middlewares/Third_Party/FreeRTOS/Source/portable/GCC/ARM_CM4F/port.o
LOAD ./Middlewares/Third_Party/FreeRTOS/Source/portable/MemMang/heap_4.o
LOAD /Users/liusongran/MyProject/neuROS/Code/neuROS/micro_ros_stm32cubemx_utils/microros_static_library_ide/libmicroros/libmicroros.a
START GROUP
LOAD /Applications/ARM/bin/../lib/gcc/arm-none-eabi/10.2.1/../../../../arm-none-eabi/lib/thumb/v7e-m+fp/hard/libc_nano.a
LOAD /Applications/ARM/bin/../lib/gcc/arm-none-eabi/10.2.1/../../../../arm-none-eabi/lib/thumb/v7e-m+fp/hard/libm.a
END GROUP
START GROUP
LOAD /Applications/ARM/bin/../lib/gcc/arm-none-eabi/10.2.1/thumb/v7e-m+fp/hard/libgcc.a
LOAD /Applications/ARM/bin/../lib/gcc/arm-none-eabi/10.2.1/../../../../arm-none-eabi/lib/thumb/v7e-m+fp/hard/libc_nano.a
END GROUP
START GROUP
LOAD /Applications/ARM/bin/../lib/gcc/arm-none-eabi/10.2.1/thumb/v7e-m+fp/hard/libgcc.a
LOAD /Applications/ARM/bin/../lib/gcc/arm-none-eabi/10.2.1/../../../../arm-none-eabi/lib/thumb/v7e-m+fp/hard/libc_nano.a
LOAD /Applications/ARM/bin/../lib/gcc/arm-none-eabi/10.2.1/../../../../arm-none-eabi/lib/thumb/v7e-m+fp/hard/libnosys.a
END GROUP
START GROUP
LOAD /Applications/ARM/bin/../lib/gcc/arm-none-eabi/10.2.1/thumb/v7e-m+fp/hard/libgcc.a
LOAD /Applications/ARM/bin/../lib/gcc/arm-none-eabi/10.2.1/../../../../arm-none-eabi/lib/thumb/v7e-m+fp/hard/libc_nano.a
LOAD /Applications/ARM/bin/../lib/gcc/arm-none-eabi/10.2.1/../../../../arm-none-eabi/lib/thumb/v7e-m+fp/hard/libnosys.a
END GROUP
LOAD /Applications/ARM/bin/../lib/gcc/arm-none-eabi/10.2.1/thumb/v7e-m+fp/hard/crtend.o
LOAD /Applications/ARM/bin/../lib/gcc/arm-none-eabi/10.2.1/thumb/v7e-m+fp/hard/crtn.o
                0x0000000020020000                _estack = (ORIGIN (RAM) + LENGTH (RAM))
                0x0000000000000200                _Min_Heap_Size = 0x200
                0x0000000000000400                _Min_Stack_Size = 0x400

.isr_vector     0x0000000008000000      0x1c4
                0x0000000008000000                . = ALIGN (0x4)
 *(.isr_vector)
 .isr_vector    0x0000000008000000      0x1c4 ./Core/Startup/startup_stm32f446zetx.o
                0x0000000008000000                g_pfnVectors
                0x00000000080001c4                . = ALIGN (0x4)

.text           0x00000000080001d0     0x5d48
                0x00000000080001d0                . = ALIGN (0x4)
 *(.text)
 .text          0x00000000080001d0       0x40 /Applications/ARM/bin/../lib/gcc/arm-none-eabi/10.2.1/thumb/v7e-m+fp/hard/crtbegin.o
 .text          0x0000000008000210       0x30 /Applications/ARM/bin/../lib/gcc/arm-none-eabi/10.2.1/thumb/v7e-m+fp/hard/libgcc.a(_aeabi_uldivmod.o)
                0x0000000008000210                __aeabi_uldivmod
 .text          0x0000000008000240      0x2d0 /Applications/ARM/bin/../lib/gcc/arm-none-eabi/10.2.1/thumb/v7e-m+fp/hard/libgcc.a(_udivmoddi4.o)
                0x0000000008000240                __udivmoddi4
 .text          0x0000000008000510        0x4 /Applications/ARM/bin/../lib/gcc/arm-none-eabi/10.2.1/thumb/v7e-m+fp/hard/libgcc.a(_dvmd_tls.o)
                0x0000000008000510                __aeabi_ldiv0
                0x0000000008000510                __aeabi_idiv0
 *(.text*)
 .text.main     0x0000000008000514       0x44 ./Core/Src/main.o
                0x0000000008000514                main
 .text.SystemClock_Config
                0x0000000008000558       0xd8 ./Core/Src/main.o
                0x0000000008000558                SystemClock_Config
 .text.MX_UART4_Init
                0x0000000008000630       0x54 ./Core/Src/main.o
 .text.MX_USART3_UART_Init
                0x0000000008000684       0x54 ./Core/Src/main.o
 .text.MX_DMA_Init
                0x00000000080006d8       0x50 ./Core/Src/main.o
 .text.MX_GPIO_Init
                0x0000000008000728      0x19c ./Core/Src/main.o
 .text.StartDefaultTask
                0x00000000080008c4       0x10 ./Core/Src/main.o
                0x00000000080008c4                StartDefaultTask
 .text.Error_Handler
                0x00000000080008d4        0xa ./Core/Src/main.o
                0x00000000080008d4                Error_Handler
 *fill*         0x00000000080008de        0x2 
 .text.HAL_MspInit
                0x00000000080008e0       0x58 ./Core/Src/stm32f4xx_hal_msp.o
                0x00000000080008e0                HAL_MspInit
 .text.HAL_UART_MspInit
                0x0000000008000938      0x1ec ./Core/Src/stm32f4xx_hal_msp.o
                0x0000000008000938                HAL_UART_MspInit
 .text.NMI_Handler
                0x0000000008000b24        0x6 ./Core/Src/stm32f4xx_it.o
                0x0000000008000b24                NMI_Handler
 .text.HardFault_Handler
                0x0000000008000b2a        0x6 ./Core/Src/stm32f4xx_it.o
                0x0000000008000b2a                HardFault_Handler
 .text.MemManage_Handler
                0x0000000008000b30        0x6 ./Core/Src/stm32f4xx_it.o
                0x0000000008000b30                MemManage_Handler
 .text.BusFault_Handler
                0x0000000008000b36        0x6 ./Core/Src/stm32f4xx_it.o
                0x0000000008000b36                BusFault_Handler
 .text.UsageFault_Handler
                0x0000000008000b3c        0x6 ./Core/Src/stm32f4xx_it.o
                0x0000000008000b3c                UsageFault_Handler
 .text.DebugMon_Handler
                0x0000000008000b42        0xe ./Core/Src/stm32f4xx_it.o
                0x0000000008000b42                DebugMon_Handler
 .text.SysTick_Handler
                0x0000000008000b50       0x1a ./Core/Src/stm32f4xx_it.o
                0x0000000008000b50                SysTick_Handler
 *fill*         0x0000000008000b6a        0x2 
 .text.DMA1_Stream1_IRQHandler
                0x0000000008000b6c       0x14 ./Core/Src/stm32f4xx_it.o
                0x0000000008000b6c                DMA1_Stream1_IRQHandler
 .text.DMA1_Stream3_IRQHandler
                0x0000000008000b80       0x14 ./Core/Src/stm32f4xx_it.o
                0x0000000008000b80                DMA1_Stream3_IRQHandler
 .text.USART3_IRQHandler
                0x0000000008000b94       0x14 ./Core/Src/stm32f4xx_it.o
                0x0000000008000b94                USART3_IRQHandler
 .text.UART4_IRQHandler
                0x0000000008000ba8       0x14 ./Core/Src/stm32f4xx_it.o
                0x0000000008000ba8                UART4_IRQHandler
 .text.SystemInit
                0x0000000008000bbc       0x24 ./Core/Src/system_stm32f4xx.o
                0x0000000008000bbc                SystemInit
 .text.Reset_Handler
                0x0000000008000be0       0x50 ./Core/Startup/startup_stm32f446zetx.o
                0x0000000008000be0                Reset_Handler
 .text.Default_Handler
                0x0000000008000c30        0x2 ./Core/Startup/startup_stm32f446zetx.o
                0x0000000008000c30                SAI1_IRQHandler
                0x0000000008000c30                EXTI2_IRQHandler
                0x0000000008000c30                TIM8_CC_IRQHandler
                0x0000000008000c30                FMPI2C1_EV_IRQHandler
                0x0000000008000c30                SPI4_IRQHandler
                0x0000000008000c30                TIM1_CC_IRQHandler
                0x0000000008000c30                DMA2_Stream5_IRQHandler
                0x0000000008000c30                DMA1_Stream5_IRQHandler
                0x0000000008000c30                PVD_IRQHandler
                0x0000000008000c30                SDIO_IRQHandler
                0x0000000008000c30                TAMP_STAMP_IRQHandler
                0x0000000008000c30                CAN2_RX1_IRQHandler
                0x0000000008000c30                EXTI3_IRQHandler
                0x0000000008000c30                TIM8_TRG_COM_TIM14_IRQHandler
                0x0000000008000c30                TIM1_UP_TIM10_IRQHandler
                0x0000000008000c30                TIM8_UP_TIM13_IRQHandler
                0x0000000008000c30                I2C3_ER_IRQHandler
                0x0000000008000c30                EXTI0_IRQHandler
                0x0000000008000c30                I2C2_EV_IRQHandler
                0x0000000008000c30                DMA1_Stream2_IRQHandler
                0x0000000008000c30                CAN1_RX0_IRQHandler
                0x0000000008000c30                FPU_IRQHandler
                0x0000000008000c30                OTG_HS_WKUP_IRQHandler
                0x0000000008000c30                CAN2_SCE_IRQHandler
                0x0000000008000c30                DMA2_Stream2_IRQHandler
                0x0000000008000c30                SPI1_IRQHandler
                0x0000000008000c30                TIM6_DAC_IRQHandler
                0x0000000008000c30                TIM1_BRK_TIM9_IRQHandler
                0x0000000008000c30                DCMI_IRQHandler
                0x0000000008000c30                CAN2_RX0_IRQHandler
                0x0000000008000c30                DMA2_Stream3_IRQHandler
                0x0000000008000c30                SAI2_IRQHandler
                0x0000000008000c30                USART6_IRQHandler
                0x0000000008000c30                CAN1_RX1_IRQHandler
                0x0000000008000c30                UART5_IRQHandler
                0x0000000008000c30                DMA2_Stream0_IRQHandler
                0x0000000008000c30                TIM4_IRQHandler
                0x0000000008000c30                QUADSPI_IRQHandler
                0x0000000008000c30                I2C1_EV_IRQHandler
                0x0000000008000c30                DMA1_Stream6_IRQHandler
                0x0000000008000c30                TIM3_IRQHandler
                0x0000000008000c30                RCC_IRQHandler
                0x0000000008000c30                TIM8_BRK_TIM12_IRQHandler
                0x0000000008000c30                Default_Handler
                0x0000000008000c30                CEC_IRQHandler
                0x0000000008000c30                EXTI15_10_IRQHandler
                0x0000000008000c30                ADC_IRQHandler
                0x0000000008000c30                DMA1_Stream7_IRQHandler
                0x0000000008000c30                TIM7_IRQHandler
                0x0000000008000c30                CAN2_TX_IRQHandler
                0x0000000008000c30                TIM5_IRQHandler
                0x0000000008000c30                DMA2_Stream7_IRQHandler
                0x0000000008000c30                I2C3_EV_IRQHandler
                0x0000000008000c30                EXTI9_5_IRQHandler
                0x0000000008000c30                RTC_WKUP_IRQHandler
                0x0000000008000c30                SPDIF_RX_IRQHandler
                0x0000000008000c30                SPI2_IRQHandler
                0x0000000008000c30                OTG_HS_EP1_IN_IRQHandler
                0x0000000008000c30                DMA1_Stream0_IRQHandler
                0x0000000008000c30                CAN1_TX_IRQHandler
                0x0000000008000c30                FMPI2C1_ER_IRQHandler
                0x0000000008000c30                EXTI4_IRQHandler
                0x0000000008000c30                OTG_HS_EP1_OUT_IRQHandler
                0x0000000008000c30                WWDG_IRQHandler
                0x0000000008000c30                TIM2_IRQHandler
                0x0000000008000c30                OTG_FS_WKUP_IRQHandler
                0x0000000008000c30                TIM1_TRG_COM_TIM11_IRQHandler
                0x0000000008000c30                OTG_HS_IRQHandler
                0x0000000008000c30                EXTI1_IRQHandler
                0x0000000008000c30                USART2_IRQHandler
                0x0000000008000c30                I2C2_ER_IRQHandler
                0x0000000008000c30                DMA2_Stream1_IRQHandler
                0x0000000008000c30                CAN1_SCE_IRQHandler
                0x0000000008000c30                FLASH_IRQHandler
                0x0000000008000c30                DMA2_Stream4_IRQHandler
                0x0000000008000c30                USART1_IRQHandler
                0x0000000008000c30                OTG_FS_IRQHandler
                0x0000000008000c30                SPI3_IRQHandler
                0x0000000008000c30                DMA1_Stream4_IRQHandler
                0x0000000008000c30                I2C1_ER_IRQHandler
                0x0000000008000c30                FMC_IRQHandler
                0x0000000008000c30                DMA2_Stream6_IRQHandler
                0x0000000008000c30                RTC_Alarm_IRQHandler
 *fill*         0x0000000008000c32        0x2 
 .text.HAL_Init
                0x0000000008000c34       0x44 ./Drivers/STM32F4xx_HAL_Driver/Src/stm32f4xx_hal.o
                0x0000000008000c34                HAL_Init
 .text.HAL_InitTick
                0x0000000008000c78       0x60 ./Drivers/STM32F4xx_HAL_Driver/Src/stm32f4xx_hal.o
                0x0000000008000c78                HAL_InitTick
 .text.HAL_IncTick
                0x0000000008000cd8       0x28 ./Drivers/STM32F4xx_HAL_Driver/Src/stm32f4xx_hal.o
                0x0000000008000cd8                HAL_IncTick
 .text.HAL_GetTick
                0x0000000008000d00       0x18 ./Drivers/STM32F4xx_HAL_Driver/Src/stm32f4xx_hal.o
                0x0000000008000d00                HAL_GetTick
 .text.__NVIC_SetPriorityGrouping
                0x0000000008000d18       0x48 ./Drivers/STM32F4xx_HAL_Driver/Src/stm32f4xx_hal_cortex.o
 .text.__NVIC_GetPriorityGrouping
                0x0000000008000d60       0x1c ./Drivers/STM32F4xx_HAL_Driver/Src/stm32f4xx_hal_cortex.o
 .text.__NVIC_EnableIRQ
                0x0000000008000d7c       0x3c ./Drivers/STM32F4xx_HAL_Driver/Src/stm32f4xx_hal_cortex.o
 .text.__NVIC_SetPriority
                0x0000000008000db8       0x54 ./Drivers/STM32F4xx_HAL_Driver/Src/stm32f4xx_hal_cortex.o
 .text.NVIC_EncodePriority
                0x0000000008000e0c       0x66 ./Drivers/STM32F4xx_HAL_Driver/Src/stm32f4xx_hal_cortex.o
 *fill*         0x0000000008000e72        0x2 
 .text.SysTick_Config
                0x0000000008000e74       0x44 ./Drivers/STM32F4xx_HAL_Driver/Src/stm32f4xx_hal_cortex.o
 .text.HAL_NVIC_SetPriorityGrouping
                0x0000000008000eb8       0x16 ./Drivers/STM32F4xx_HAL_Driver/Src/stm32f4xx_hal_cortex.o
                0x0000000008000eb8                HAL_NVIC_SetPriorityGrouping
 .text.HAL_NVIC_SetPriority
                0x0000000008000ece       0x38 ./Drivers/STM32F4xx_HAL_Driver/Src/stm32f4xx_hal_cortex.o
                0x0000000008000ece                HAL_NVIC_SetPriority
 .text.HAL_NVIC_EnableIRQ
                0x0000000008000f06       0x1c ./Drivers/STM32F4xx_HAL_Driver/Src/stm32f4xx_hal_cortex.o
                0x0000000008000f06                HAL_NVIC_EnableIRQ
 .text.HAL_SYSTICK_Config
                0x0000000008000f22       0x18 ./Drivers/STM32F4xx_HAL_Driver/Src/stm32f4xx_hal_cortex.o
                0x0000000008000f22                HAL_SYSTICK_Config
 *fill*         0x0000000008000f3a        0x2 
 .text.HAL_DMA_Init
                0x0000000008000f3c      0x15c ./Drivers/STM32F4xx_HAL_Driver/Src/stm32f4xx_hal_dma.o
                0x0000000008000f3c                HAL_DMA_Init
 .text.HAL_DMA_Abort
                0x0000000008001098       0xe0 ./Drivers/STM32F4xx_HAL_Driver/Src/stm32f4xx_hal_dma.o
                0x0000000008001098                HAL_DMA_Abort
 .text.HAL_DMA_Abort_IT
                0x0000000008001178       0x44 ./Drivers/STM32F4xx_HAL_Driver/Src/stm32f4xx_hal_dma.o
                0x0000000008001178                HAL_DMA_Abort_IT
 .text.HAL_DMA_IRQHandler
                0x00000000080011bc      0x314 ./Drivers/STM32F4xx_HAL_Driver/Src/stm32f4xx_hal_dma.o
                0x00000000080011bc                HAL_DMA_IRQHandler
 .text.DMA_CalcBaseAndBitshift
                0x00000000080014d0       0x6c ./Drivers/STM32F4xx_HAL_Driver/Src/stm32f4xx_hal_dma.o
 .text.DMA_CheckFifoParam
                0x000000000800153c       0xf8 ./Drivers/STM32F4xx_HAL_Driver/Src/stm32f4xx_hal_dma.o
 .text.HAL_GPIO_Init
                0x0000000008001634      0x328 ./Drivers/STM32F4xx_HAL_Driver/Src/stm32f4xx_hal_gpio.o
                0x0000000008001634                HAL_GPIO_Init
 .text.HAL_GPIO_WritePin
                0x000000000800195c       0x32 ./Drivers/STM32F4xx_HAL_Driver/Src/stm32f4xx_hal_gpio.o
                0x000000000800195c                HAL_GPIO_WritePin
 *fill*         0x000000000800198e        0x2 
 .text.HAL_RCC_ClockConfig
                0x0000000008001990      0x1cc ./Drivers/STM32F4xx_HAL_Driver/Src/stm32f4xx_hal_rcc.o
                0x0000000008001990                HAL_RCC_ClockConfig
 .text.HAL_RCC_GetHCLKFreq
                0x0000000008001b5c       0x18 ./Drivers/STM32F4xx_HAL_Driver/Src/stm32f4xx_hal_rcc.o
                0x0000000008001b5c                HAL_RCC_GetHCLKFreq
 .text.HAL_RCC_GetPCLK1Freq
                0x0000000008001b74       0x28 ./Drivers/STM32F4xx_HAL_Driver/Src/stm32f4xx_hal_rcc.o
                0x0000000008001b74                HAL_RCC_GetPCLK1Freq
 .text.HAL_RCC_GetPCLK2Freq
                0x0000000008001b9c       0x28 ./Drivers/STM32F4xx_HAL_Driver/Src/stm32f4xx_hal_rcc.o
                0x0000000008001b9c                HAL_RCC_GetPCLK2Freq
 .text.HAL_RCC_GetSysClockFreq
                0x0000000008001bc4      0x460 ./Drivers/STM32F4xx_HAL_Driver/Src/stm32f4xx_hal_rcc_ex.o
                0x0000000008001bc4                HAL_RCC_GetSysClockFreq
 .text.HAL_RCC_OscConfig
                0x0000000008002024      0x53c ./Drivers/STM32F4xx_HAL_Driver/Src/stm32f4xx_hal_rcc_ex.o
                0x0000000008002024                HAL_RCC_OscConfig
 .text.HAL_UART_Init
                0x0000000008002560       0x9a ./Drivers/STM32F4xx_HAL_Driver/Src/stm32f4xx_hal_uart.o
                0x0000000008002560                HAL_UART_Init
 *fill*         0x00000000080025fa        0x2 
 .text.HAL_UART_IRQHandler
                0x00000000080025fc      0x51c ./Drivers/STM32F4xx_HAL_Driver/Src/stm32f4xx_hal_uart.o
                0x00000000080025fc                HAL_UART_IRQHandler
 .text.HAL_UART_TxCpltCallback
                0x0000000008002b18       0x14 ./Drivers/STM32F4xx_HAL_Driver/Src/stm32f4xx_hal_uart.o
                0x0000000008002b18                HAL_UART_TxCpltCallback
 .text.HAL_UART_RxCpltCallback
                0x0000000008002b2c       0x14 ./Drivers/STM32F4xx_HAL_Driver/Src/stm32f4xx_hal_uart.o
                0x0000000008002b2c                HAL_UART_RxCpltCallback
 .text.HAL_UART_ErrorCallback
                0x0000000008002b40       0x14 ./Drivers/STM32F4xx_HAL_Driver/Src/stm32f4xx_hal_uart.o
                0x0000000008002b40                HAL_UART_ErrorCallback
 .text.HAL_UARTEx_RxEventCallback
                0x0000000008002b54       0x18 ./Drivers/STM32F4xx_HAL_Driver/Src/stm32f4xx_hal_uart.o
                0x0000000008002b54                HAL_UARTEx_RxEventCallback
 .text.UART_EndRxTransfer
                0x0000000008002b6c       0xc6 ./Drivers/STM32F4xx_HAL_Driver/Src/stm32f4xx_hal_uart.o
 .text.UART_DMAAbortOnError
                0x0000000008002c32       0x28 ./Drivers/STM32F4xx_HAL_Driver/Src/stm32f4xx_hal_uart.o
 .text.UART_Transmit_IT
                0x0000000008002c5a       0xa0 ./Drivers/STM32F4xx_HAL_Driver/Src/stm32f4xx_hal_uart.o
 .text.UART_EndTransmit_IT
                0x0000000008002cfa       0x30 ./Drivers/STM32F4xx_HAL_Driver/Src/stm32f4xx_hal_uart.o
 .text.UART_Receive_IT
                0x0000000008002d2a      0x176 ./Drivers/STM32F4xx_HAL_Driver/Src/stm32f4xx_hal_uart.o
 .text.UART_SetConfig
                0x0000000008002ea0      0x4e8 ./Drivers/STM32F4xx_HAL_Driver/Src/stm32f4xx_hal_uart.o
 .text.__NVIC_SetPriority
                0x0000000008003388       0x54 ./Middlewares/Third_Party/FreeRTOS/Source/CMSIS_RTOS_V2/cmsis_os2.o
 .text.SVC_Setup
                0x00000000080033dc       0x12 ./Middlewares/Third_Party/FreeRTOS/Source/CMSIS_RTOS_V2/cmsis_os2.o
 *fill*         0x00000000080033ee        0x2 
 .text.osKernelInitialize
                0x00000000080033f0       0x48 ./Middlewares/Third_Party/FreeRTOS/Source/CMSIS_RTOS_V2/cmsis_os2.o
                0x00000000080033f0                osKernelInitialize
 .text.osKernelStart
                0x0000000008003438       0x4c ./Middlewares/Third_Party/FreeRTOS/Source/CMSIS_RTOS_V2/cmsis_os2.o
                0x0000000008003438                osKernelStart
 .text.osThreadNew
                0x0000000008003484      0x124 ./Middlewares/Third_Party/FreeRTOS/Source/CMSIS_RTOS_V2/cmsis_os2.o
                0x0000000008003484                osThreadNew
 .text.osDelay  0x00000000080035a8       0x36 ./Middlewares/Third_Party/FreeRTOS/Source/CMSIS_RTOS_V2/cmsis_os2.o
                0x00000000080035a8                osDelay
 *fill*         0x00000000080035de        0x2 
 .text.vApplicationGetIdleTaskMemory
                0x00000000080035e0       0x34 ./Middlewares/Third_Party/FreeRTOS/Source/CMSIS_RTOS_V2/cmsis_os2.o
                0x00000000080035e0                vApplicationGetIdleTaskMemory
 .text.vApplicationGetTimerTaskMemory
                0x0000000008003614       0x34 ./Middlewares/Third_Party/FreeRTOS/Source/CMSIS_RTOS_V2/cmsis_os2.o
                0x0000000008003614                vApplicationGetTimerTaskMemory
 .text.vListInitialise
                0x0000000008003648       0x40 ./Middlewares/Third_Party/FreeRTOS/Source/list.o
                0x0000000008003648                vListInitialise
 .text.vListInitialiseItem
                0x0000000008003688       0x1a ./Middlewares/Third_Party/FreeRTOS/Source/list.o
                0x0000000008003688                vListInitialiseItem
 .text.vListInsertEnd
                0x00000000080036a2       0x48 ./Middlewares/Third_Party/FreeRTOS/Source/list.o
                0x00000000080036a2                vListInsertEnd
 .text.vListInsert
                0x00000000080036ea       0x72 ./Middlewares/Third_Party/FreeRTOS/Source/list.o
                0x00000000080036ea                vListInsert
 .text.uxListRemove
                0x000000000800375c       0x54 ./Middlewares/Third_Party/FreeRTOS/Source/list.o
                0x000000000800375c                uxListRemove
 .text.xQueueGenericReset
                0x00000000080037b0       0xd0 ./Middlewares/Third_Party/FreeRTOS/Source/queue.o
                0x00000000080037b0                xQueueGenericReset
 .text.xQueueGenericCreateStatic
                0x0000000008003880       0xf0 ./Middlewares/Third_Party/FreeRTOS/Source/queue.o
                0x0000000008003880                xQueueGenericCreateStatic
 .text.prvInitialiseNewQueue
                0x0000000008003970       0x46 ./Middlewares/Third_Party/FreeRTOS/Source/queue.o
 *fill*         0x00000000080039b6        0x2 
 .text.xQueueGenericSend
                0x00000000080039b8      0x1fc ./Middlewares/Third_Party/FreeRTOS/Source/queue.o
                0x00000000080039b8                xQueueGenericSend
 .text.xQueueGenericSendFromISR
                0x0000000008003bb4      0x136 ./Middlewares/Third_Party/FreeRTOS/Source/queue.o
                0x0000000008003bb4                xQueueGenericSendFromISR
 *fill*         0x0000000008003cea        0x2 
 .text.xQueueReceive
                0x0000000008003cec      0x1c0 ./Middlewares/Third_Party/FreeRTOS/Source/queue.o
                0x0000000008003cec                xQueueReceive
 .text.prvCopyDataToQueue
                0x0000000008003eac       0xd4 ./Middlewares/Third_Party/FreeRTOS/Source/queue.o
 .text.prvCopyDataFromQueue
                0x0000000008003f80       0x4c ./Middlewares/Third_Party/FreeRTOS/Source/queue.o
 .text.prvUnlockQueue
                0x0000000008003fcc       0xa4 ./Middlewares/Third_Party/FreeRTOS/Source/queue.o
 .text.prvIsQueueEmpty
                0x0000000008004070       0x2c ./Middlewares/Third_Party/FreeRTOS/Source/queue.o
 .text.prvIsQueueFull
                0x000000000800409c       0x30 ./Middlewares/Third_Party/FreeRTOS/Source/queue.o
 .text.vQueueAddToRegistry
                0x00000000080040cc       0x54 ./Middlewares/Third_Party/FreeRTOS/Source/queue.o
                0x00000000080040cc                vQueueAddToRegistry
 .text.vQueueWaitForMessageRestricted
                0x0000000008004120       0x68 ./Middlewares/Third_Party/FreeRTOS/Source/queue.o
                0x0000000008004120                vQueueWaitForMessageRestricted
 .text.xTaskCreateStatic
                0x0000000008004188       0xba ./Middlewares/Third_Party/FreeRTOS/Source/tasks.o
                0x0000000008004188                xTaskCreateStatic
 .text.xTaskCreate
                0x0000000008004242       0x8a ./Middlewares/Third_Party/FreeRTOS/Source/tasks.o
                0x0000000008004242                xTaskCreate
 .text.prvInitialiseNewTask
                0x00000000080042cc      0x11e ./Middlewares/Third_Party/FreeRTOS/Source/tasks.o
 *fill*         0x00000000080043ea        0x2 
 .text.prvAddNewTaskToReadyList
                0x00000000080043ec       0xe0 ./Middlewares/Third_Party/FreeRTOS/Source/tasks.o
 .text.vTaskDelay
                0x00000000080044cc       0x68 ./Middlewares/Third_Party/FreeRTOS/Source/tasks.o
                0x00000000080044cc                vTaskDelay
 .text.vTaskStartScheduler
                0x0000000008004534       0xcc ./Middlewares/Third_Party/FreeRTOS/Source/tasks.o
                0x0000000008004534                vTaskStartScheduler
 .text.vTaskSuspendAll
                0x0000000008004600       0x1c ./Middlewares/Third_Party/FreeRTOS/Source/tasks.o
                0x0000000008004600                vTaskSuspendAll
 .text.xTaskResumeAll
                0x000000000800461c      0x13c ./Middlewares/Third_Party/FreeRTOS/Source/tasks.o
                0x000000000800461c                xTaskResumeAll
 .text.xTaskGetTickCount
                0x0000000008004758       0x20 ./Middlewares/Third_Party/FreeRTOS/Source/tasks.o
                0x0000000008004758                xTaskGetTickCount
 .text.xTaskIncrementTick
                0x0000000008004778      0x174 ./Middlewares/Third_Party/FreeRTOS/Source/tasks.o
                0x0000000008004778                xTaskIncrementTick
 .text.vTaskSwitchContext
                0x00000000080048ec       0xbc ./Middlewares/Third_Party/FreeRTOS/Source/tasks.o
                0x00000000080048ec                vTaskSwitchContext
 .text.vTaskPlaceOnEventList
                0x00000000080049a8       0x48 ./Middlewares/Third_Party/FreeRTOS/Source/tasks.o
                0x00000000080049a8                vTaskPlaceOnEventList
 .text.vTaskPlaceOnEventListRestricted
                0x00000000080049f0       0x58 ./Middlewares/Third_Party/FreeRTOS/Source/tasks.o
                0x00000000080049f0                vTaskPlaceOnEventListRestricted
 .text.xTaskRemoveFromEventList
                0x0000000008004a48       0xc8 ./Middlewares/Third_Party/FreeRTOS/Source/tasks.o
                0x0000000008004a48                xTaskRemoveFromEventList
 .text.vTaskInternalSetTimeOutState
                0x0000000008004b10       0x2c ./Middlewares/Third_Party/FreeRTOS/Source/tasks.o
                0x0000000008004b10                vTaskInternalSetTimeOutState
 .text.xTaskCheckForTimeOut
                0x0000000008004b3c       0xc4 ./Middlewares/Third_Party/FreeRTOS/Source/tasks.o
                0x0000000008004b3c                xTaskCheckForTimeOut
 .text.vTaskMissedYield
                0x0000000008004c00       0x18 ./Middlewares/Third_Party/FreeRTOS/Source/tasks.o
                0x0000000008004c00                vTaskMissedYield
 .text.prvIdleTask
                0x0000000008004c18       0x30 ./Middlewares/Third_Party/FreeRTOS/Source/tasks.o
 .text.prvInitialiseTaskLists
                0x0000000008004c48       0x80 ./Middlewares/Third_Party/FreeRTOS/Source/tasks.o
 .text.prvCheckTasksWaitingTermination
                0x0000000008004cc8       0x5c ./Middlewares/Third_Party/FreeRTOS/Source/tasks.o
 .text.prvDeleteTCB
                0x0000000008004d24       0x5e ./Middlewares/Third_Party/FreeRTOS/Source/tasks.o
 *fill*         0x0000000008004d82        0x2 
 .text.prvResetNextTaskUnblockTime
                0x0000000008004d84       0x40 ./Middlewares/Third_Party/FreeRTOS/Source/tasks.o
 .text.xTaskGetSchedulerState
                0x0000000008004dc4       0x3c ./Middlewares/Third_Party/FreeRTOS/Source/tasks.o
                0x0000000008004dc4                xTaskGetSchedulerState
 .text.xTaskPriorityDisinherit
                0x0000000008004e00       0xdc ./Middlewares/Third_Party/FreeRTOS/Source/tasks.o
                0x0000000008004e00                xTaskPriorityDisinherit
 .text.prvAddCurrentTaskToDelayedList
                0x0000000008004edc       0xa8 ./Middlewares/Third_Party/FreeRTOS/Source/tasks.o
 .text.xTimerCreateTimerTask
                0x0000000008004f84       0x90 ./Middlewares/Third_Party/FreeRTOS/Source/timers.o
                0x0000000008004f84                xTimerCreateTimerTask
 .text.xTimerGenericCommand
                0x0000000008005014       0x9c ./Middlewares/Third_Party/FreeRTOS/Source/timers.o
                0x0000000008005014                xTimerGenericCommand
 .text.prvProcessExpiredTimer
                0x00000000080050b0       0x98 ./Middlewares/Third_Party/FreeRTOS/Source/timers.o
 .text.prvTimerTask
                0x0000000008005148       0x24 ./Middlewares/Third_Party/FreeRTOS/Source/timers.o
 .text.prvProcessTimerOrBlockTask
                0x000000000800516c       0x9c ./Middlewares/Third_Party/FreeRTOS/Source/timers.o
 .text.prvGetNextExpireTime
                0x0000000008005208       0x48 ./Middlewares/Third_Party/FreeRTOS/Source/timers.o
 .text.prvSampleTimeNow
                0x0000000008005250       0x40 ./Middlewares/Third_Party/FreeRTOS/Source/timers.o
 .text.prvInsertTimerInActiveList
                0x0000000008005290       0x84 ./Middlewares/Third_Party/FreeRTOS/Source/timers.o
 .text.prvProcessReceivedCommands
                0x0000000008005314      0x1c4 ./Middlewares/Third_Party/FreeRTOS/Source/timers.o
 .text.prvSwitchTimerLists
                0x00000000080054d8       0xc8 ./Middlewares/Third_Party/FreeRTOS/Source/timers.o
 .text.prvCheckForValidListAndQueue
                0x00000000080055a0       0x80 ./Middlewares/Third_Party/FreeRTOS/Source/timers.o
 .text.pxPortInitialiseStack
                0x0000000008005620       0x68 ./Middlewares/Third_Party/FreeRTOS/Source/portable/GCC/ARM_CM4F/port.o
                0x0000000008005620                pxPortInitialiseStack
 .text.prvTaskExitError
                0x0000000008005688       0x58 ./Middlewares/Third_Party/FreeRTOS/Source/portable/GCC/ARM_CM4F/port.o
 .text.SVC_Handler
                0x00000000080056e0       0x28 ./Middlewares/Third_Party/FreeRTOS/Source/portable/GCC/ARM_CM4F/port.o
                0x00000000080056e0                SVC_Handler
 .text.prvPortStartFirstTask
                0x0000000008005708       0x28 ./Middlewares/Third_Party/FreeRTOS/Source/portable/GCC/ARM_CM4F/port.o
 .text.xPortStartScheduler
                0x0000000008005730      0x144 ./Middlewares/Third_Party/FreeRTOS/Source/portable/GCC/ARM_CM4F/port.o
                0x0000000008005730                xPortStartScheduler
 .text.vPortEnterCritical
                0x0000000008005874       0x60 ./Middlewares/Third_Party/FreeRTOS/Source/portable/GCC/ARM_CM4F/port.o
                0x0000000008005874                vPortEnterCritical
 .text.vPortExitCritical
                0x00000000080058d4       0x54 ./Middlewares/Third_Party/FreeRTOS/Source/portable/GCC/ARM_CM4F/port.o
                0x00000000080058d4                vPortExitCritical
 *fill*         0x0000000008005928        0x8 
 .text.PendSV_Handler
                0x0000000008005930       0x68 ./Middlewares/Third_Party/FreeRTOS/Source/portable/GCC/ARM_CM4F/port.o
                0x0000000008005930                PendSV_Handler
 .text.xPortSysTickHandler
                0x0000000008005998       0x44 ./Middlewares/Third_Party/FreeRTOS/Source/portable/GCC/ARM_CM4F/port.o
                0x0000000008005998                xPortSysTickHandler
 .text.vPortSetupTimerInterrupt
                0x00000000080059dc       0x48 ./Middlewares/Third_Party/FreeRTOS/Source/portable/GCC/ARM_CM4F/port.o
                0x00000000080059dc                vPortSetupTimerInterrupt
 .text.vPortEnableVFP
                0x0000000008005a24       0x14 ./Middlewares/Third_Party/FreeRTOS/Source/portable/GCC/ARM_CM4F/port.o
 .text.vPortValidateInterruptPriority
                0x0000000008005a38       0x80 ./Middlewares/Third_Party/FreeRTOS/Source/portable/GCC/ARM_CM4F/port.o
                0x0000000008005a38                vPortValidateInterruptPriority
 .text.pvPortMalloc
                0x0000000008005ab8      0x198 ./Middlewares/Third_Party/FreeRTOS/Source/portable/MemMang/heap_4.o
                0x0000000008005ab8                pvPortMalloc
 .text.vPortFree
                0x0000000008005c50       0xc4 ./Middlewares/Third_Party/FreeRTOS/Source/portable/MemMang/heap_4.o
                0x0000000008005c50                vPortFree
 .text.prvHeapInit
                0x0000000008005d14       0xc4 ./Middlewares/Third_Party/FreeRTOS/Source/portable/MemMang/heap_4.o
 .text.prvInsertBlockIntoFreeList
                0x0000000008005dd8       0xb4 ./Middlewares/Third_Party/FreeRTOS/Source/portable/MemMang/heap_4.o
 .text.__libc_init_array
                0x0000000008005e8c       0x48 /Applications/ARM/bin/../lib/gcc/arm-none-eabi/10.2.1/../../../../arm-none-eabi/lib/thumb/v7e-m+fp/hard/libc_nano.a(lib_a-init.o)
                0x0000000008005e8c                __libc_init_array
 .text.memcpy   0x0000000008005ed4       0x1c /Applications/ARM/bin/../lib/gcc/arm-none-eabi/10.2.1/../../../../arm-none-eabi/lib/thumb/v7e-m+fp/hard/libc_nano.a(lib_a-memcpy-stub.o)
                0x0000000008005ed4                memcpy
 .text.memset   0x0000000008005ef0       0x10 /Applications/ARM/bin/../lib/gcc/arm-none-eabi/10.2.1/../../../../arm-none-eabi/lib/thumb/v7e-m+fp/hard/libc_nano.a(lib_a-memset.o)
                0x0000000008005ef0                memset
 *(.glue_7)
 .glue_7        0x0000000008005f00        0x0 linker stubs
 *(.glue_7t)
 .glue_7t       0x0000000008005f00        0x0 linker stubs
 *(.eh_frame)
 .eh_frame      0x0000000008005f00        0x0 /Applications/ARM/bin/../lib/gcc/arm-none-eabi/10.2.1/thumb/v7e-m+fp/hard/crtbegin.o
 *(.init)
 .init          0x0000000008005f00        0x4 /Applications/ARM/bin/../lib/gcc/arm-none-eabi/10.2.1/thumb/v7e-m+fp/hard/crti.o
                0x0000000008005f00                _init
 .init          0x0000000008005f04        0x8 /Applications/ARM/bin/../lib/gcc/arm-none-eabi/10.2.1/thumb/v7e-m+fp/hard/crtn.o
 *(.fini)
 .fini          0x0000000008005f0c        0x4 /Applications/ARM/bin/../lib/gcc/arm-none-eabi/10.2.1/thumb/v7e-m+fp/hard/crti.o
                0x0000000008005f0c                _fini
 .fini          0x0000000008005f10        0x8 /Applications/ARM/bin/../lib/gcc/arm-none-eabi/10.2.1/thumb/v7e-m+fp/hard/crtn.o
                0x0000000008005f18                . = ALIGN (0x4)
                0x0000000008005f18                _etext = .

.vfp11_veneer   0x0000000008005f18        0x0
 .vfp11_veneer  0x0000000008005f18        0x0 linker stubs

.v4_bx          0x0000000008005f18        0x0
 .v4_bx         0x0000000008005f18        0x0 linker stubs

.iplt           0x0000000008005f18        0x0
 .iplt          0x0000000008005f18        0x0 /Applications/ARM/bin/../lib/gcc/arm-none-eabi/10.2.1/thumb/v7e-m+fp/hard/crtbegin.o

.rodata         0x0000000008005f18       0x68
                0x0000000008005f18                . = ALIGN (0x4)
 *(.rodata)
 .rodata        0x0000000008005f18        0xc ./Core/Src/main.o
 .rodata        0x0000000008005f24        0x5 ./Middlewares/Third_Party/FreeRTOS/Source/tasks.o
 *fill*         0x0000000008005f29        0x3 
 .rodata        0x0000000008005f2c        0xd ./Middlewares/Third_Party/FreeRTOS/Source/timers.o
 *(.rodata*)
 *fill*         0x0000000008005f39        0x3 
 .rodata.defaultTask_attributes
                0x0000000008005f3c       0x24 ./Core/Src/main.o
                0x0000000008005f3c                defaultTask_attributes
 .rodata.AHBPrescTable
                0x0000000008005f60       0x10 ./Core/Src/system_stm32f4xx.o
                0x0000000008005f60                AHBPrescTable
 .rodata.APBPrescTable
                0x0000000008005f70        0x8 ./Core/Src/system_stm32f4xx.o
                0x0000000008005f70                APBPrescTable
 .rodata.flagBitshiftOffset.0
                0x0000000008005f78        0x8 ./Drivers/STM32F4xx_HAL_Driver/Src/stm32f4xx_hal_dma.o
                0x0000000008005f80                . = ALIGN (0x4)

.ARM.extab      0x0000000008005f80        0x0
                0x0000000008005f80                . = ALIGN (0x4)
 *(.ARM.extab* .gnu.linkonce.armextab.*)
                0x0000000008005f80                . = ALIGN (0x4)

.ARM            0x0000000008005f80        0x8
                0x0000000008005f80                . = ALIGN (0x4)
                0x0000000008005f80                __exidx_start = .
 *(.ARM.exidx*)
 .ARM.exidx     0x0000000008005f80        0x8 /Applications/ARM/bin/../lib/gcc/arm-none-eabi/10.2.1/thumb/v7e-m+fp/hard/libgcc.a(_udivmoddi4.o)
                0x0000000008005f88                __exidx_end = .
                0x0000000008005f88                . = ALIGN (0x4)

.rel.dyn        0x0000000008005f88        0x0
 .rel.iplt      0x0000000008005f88        0x0 /Applications/ARM/bin/../lib/gcc/arm-none-eabi/10.2.1/thumb/v7e-m+fp/hard/crtbegin.o

.preinit_array  0x0000000008005f88        0x0
                0x0000000008005f88                . = ALIGN (0x4)
                0x0000000008005f88                PROVIDE (__preinit_array_start = .)
 *(.preinit_array*)
                0x0000000008005f88                PROVIDE (__preinit_array_end = .)
                0x0000000008005f88                . = ALIGN (0x4)

.init_array     0x0000000008005f88        0x4
                0x0000000008005f88                . = ALIGN (0x4)
                0x0000000008005f88                PROVIDE (__init_array_start = .)
 *(SORT_BY_NAME(.init_array.*))
 *(.init_array*)
 .init_array    0x0000000008005f88        0x4 /Applications/ARM/bin/../lib/gcc/arm-none-eabi/10.2.1/thumb/v7e-m+fp/hard/crtbegin.o
                0x0000000008005f8c                PROVIDE (__init_array_end = .)
                0x0000000008005f8c                . = ALIGN (0x4)

.fini_array     0x0000000008005f8c        0x4
                0x0000000008005f8c                . = ALIGN (0x4)
                [!provide]                        PROVIDE (__fini_array_start = .)
 *(SORT_BY_NAME(.fini_array.*))
 *(.fini_array*)
 .fini_array    0x0000000008005f8c        0x4 /Applications/ARM/bin/../lib/gcc/arm-none-eabi/10.2.1/thumb/v7e-m+fp/hard/crtbegin.o
                [!provide]                        PROVIDE (__fini_array_end = .)
                0x0000000008005f90                . = ALIGN (0x4)
                0x0000000008005f90                _sidata = LOADADDR (.data)

.data           0x0000000020000000       0x10 load address 0x0000000008005f90
                0x0000000020000000                . = ALIGN (0x4)
                0x0000000020000000                _sdata = .
 *(.data)
 *(.data*)
 .data.SystemCoreClock
                0x0000000020000000        0x4 ./Core/Src/system_stm32f4xx.o
                0x0000000020000000                SystemCoreClock
 .data.uwTickPrio
                0x0000000020000004        0x4 ./Drivers/STM32F4xx_HAL_Driver/Src/stm32f4xx_hal.o
                0x0000000020000004                uwTickPrio
 .data.uwTickFreq
                0x0000000020000008        0x1 ./Drivers/STM32F4xx_HAL_Driver/Src/stm32f4xx_hal.o
                0x0000000020000008                uwTickFreq
 *fill*         0x0000000020000009        0x3 
 .data.uxCriticalNesting
                0x000000002000000c        0x4 ./Middlewares/Third_Party/FreeRTOS/Source/portable/GCC/ARM_CM4F/port.o
 *(.RamFunc)
 *(.RamFunc*)
                0x0000000020000010                . = ALIGN (0x4)
                0x0000000020000010                _edata = .

.igot.plt       0x0000000020000010        0x0 load address 0x0000000008005fa0
 .igot.plt      0x0000000020000010        0x0 /Applications/ARM/bin/../lib/gcc/arm-none-eabi/10.2.1/thumb/v7e-m+fp/hard/crtbegin.o
                0x0000000020000010                . = ALIGN (0x4)

.bss            0x0000000020000010     0x4abc load address 0x0000000008005fa0
                0x0000000020000010                _sbss = .
                0x0000000020000010                __bss_start__ = _sbss
 *(.bss)
 .bss           0x0000000020000010       0x1c /Applications/ARM/bin/../lib/gcc/arm-none-eabi/10.2.1/thumb/v7e-m+fp/hard/crtbegin.o
 *(.bss*)
 .bss.huart4    0x000000002000002c       0x44 ./Core/Src/main.o
                0x000000002000002c                huart4
 .bss.huart3    0x0000000020000070       0x44 ./Core/Src/main.o
                0x0000000020000070                huart3
 .bss.hdma_usart3_rx
                0x00000000200000b4       0x60 ./Core/Src/main.o
                0x00000000200000b4                hdma_usart3_rx
 .bss.hdma_usart3_tx
                0x0000000020000114       0x60 ./Core/Src/main.o
                0x0000000020000114                hdma_usart3_tx
 .bss.defaultTaskHandle
                0x0000000020000174        0x4 ./Core/Src/main.o
                0x0000000020000174                defaultTaskHandle
 .bss.uwTick    0x0000000020000178        0x4 ./Drivers/STM32F4xx_HAL_Driver/Src/stm32f4xx_hal.o
                0x0000000020000178                uwTick
 .bss.KernelState
                0x000000002000017c        0x4 ./Middlewares/Third_Party/FreeRTOS/Source/CMSIS_RTOS_V2/cmsis_os2.o
 .bss.Idle_TCB.3
                0x0000000020000180       0x5c ./Middlewares/Third_Party/FreeRTOS/Source/CMSIS_RTOS_V2/cmsis_os2.o
 .bss.Idle_Stack.2
                0x00000000200001dc      0x200 ./Middlewares/Third_Party/FreeRTOS/Source/CMSIS_RTOS_V2/cmsis_os2.o
 .bss.Timer_TCB.1
                0x00000000200003dc       0x5c ./Middlewares/Third_Party/FreeRTOS/Source/CMSIS_RTOS_V2/cmsis_os2.o
 .bss.Timer_Stack.0
                0x0000000020000438      0x400 ./Middlewares/Third_Party/FreeRTOS/Source/CMSIS_RTOS_V2/cmsis_os2.o
 .bss.xQueueRegistry
                0x0000000020000838       0x40 ./Middlewares/Third_Party/FreeRTOS/Source/queue.o
                0x0000000020000838                xQueueRegistry
 .bss.pxCurrentTCB
                0x0000000020000878        0x4 ./Middlewares/Third_Party/FreeRTOS/Source/tasks.o
                0x0000000020000878                pxCurrentTCB
 .bss.pxReadyTasksLists
                0x000000002000087c      0x460 ./Middlewares/Third_Party/FreeRTOS/Source/tasks.o
 .bss.xDelayedTaskList1
                0x0000000020000cdc       0x14 ./Middlewares/Third_Party/FreeRTOS/Source/tasks.o
 .bss.xDelayedTaskList2
                0x0000000020000cf0       0x14 ./Middlewares/Third_Party/FreeRTOS/Source/tasks.o
 .bss.pxDelayedTaskList
                0x0000000020000d04        0x4 ./Middlewares/Third_Party/FreeRTOS/Source/tasks.o
 .bss.pxOverflowDelayedTaskList
                0x0000000020000d08        0x4 ./Middlewares/Third_Party/FreeRTOS/Source/tasks.o
 .bss.xPendingReadyList
                0x0000000020000d0c       0x14 ./Middlewares/Third_Party/FreeRTOS/Source/tasks.o
 .bss.xTasksWaitingTermination
                0x0000000020000d20       0x14 ./Middlewares/Third_Party/FreeRTOS/Source/tasks.o
 .bss.uxDeletedTasksWaitingCleanUp
                0x0000000020000d34        0x4 ./Middlewares/Third_Party/FreeRTOS/Source/tasks.o
 .bss.xSuspendedTaskList
                0x0000000020000d38       0x14 ./Middlewares/Third_Party/FreeRTOS/Source/tasks.o
 .bss.uxCurrentNumberOfTasks
                0x0000000020000d4c        0x4 ./Middlewares/Third_Party/FreeRTOS/Source/tasks.o
 .bss.xTickCount
                0x0000000020000d50        0x4 ./Middlewares/Third_Party/FreeRTOS/Source/tasks.o
 .bss.uxTopReadyPriority
                0x0000000020000d54        0x4 ./Middlewares/Third_Party/FreeRTOS/Source/tasks.o
 .bss.xSchedulerRunning
                0x0000000020000d58        0x4 ./Middlewares/Third_Party/FreeRTOS/Source/tasks.o
 .bss.xPendedTicks
                0x0000000020000d5c        0x4 ./Middlewares/Third_Party/FreeRTOS/Source/tasks.o
 .bss.xYieldPending
                0x0000000020000d60        0x4 ./Middlewares/Third_Party/FreeRTOS/Source/tasks.o
 .bss.xNumOfOverflows
                0x0000000020000d64        0x4 ./Middlewares/Third_Party/FreeRTOS/Source/tasks.o
 .bss.uxTaskNumber
                0x0000000020000d68        0x4 ./Middlewares/Third_Party/FreeRTOS/Source/tasks.o
 .bss.xNextTaskUnblockTime
                0x0000000020000d6c        0x4 ./Middlewares/Third_Party/FreeRTOS/Source/tasks.o
 .bss.xIdleTaskHandle
                0x0000000020000d70        0x4 ./Middlewares/Third_Party/FreeRTOS/Source/tasks.o
 .bss.uxSchedulerSuspended
                0x0000000020000d74        0x4 ./Middlewares/Third_Party/FreeRTOS/Source/tasks.o
 .bss.xActiveTimerList1
                0x0000000020000d78       0x14 ./Middlewares/Third_Party/FreeRTOS/Source/timers.o
 .bss.xActiveTimerList2
                0x0000000020000d8c       0x14 ./Middlewares/Third_Party/FreeRTOS/Source/timers.o
 .bss.pxCurrentTimerList
                0x0000000020000da0        0x4 ./Middlewares/Third_Party/FreeRTOS/Source/timers.o
 .bss.pxOverflowTimerList
                0x0000000020000da4        0x4 ./Middlewares/Third_Party/FreeRTOS/Source/timers.o
 .bss.xTimerQueue
                0x0000000020000da8        0x4 ./Middlewares/Third_Party/FreeRTOS/Source/timers.o
 .bss.xTimerTaskHandle
                0x0000000020000dac        0x4 ./Middlewares/Third_Party/FreeRTOS/Source/timers.o
 .bss.xLastTime.2
                0x0000000020000db0        0x4 ./Middlewares/Third_Party/FreeRTOS/Source/timers.o
 .bss.ucStaticTimerQueueStorage.1
                0x0000000020000db4       0xa0 ./Middlewares/Third_Party/FreeRTOS/Source/timers.o
 .bss.xStaticTimerQueue.0
                0x0000000020000e54       0x50 ./Middlewares/Third_Party/FreeRTOS/Source/timers.o
 .bss.ucMaxSysCallPriority
                0x0000000020000ea4        0x1 ./Middlewares/Third_Party/FreeRTOS/Source/portable/GCC/ARM_CM4F/port.o
 *fill*         0x0000000020000ea5        0x3 
 .bss.ulMaxPRIGROUPValue
                0x0000000020000ea8        0x4 ./Middlewares/Third_Party/FreeRTOS/Source/portable/GCC/ARM_CM4F/port.o
 .bss.ucHeap    0x0000000020000eac     0x3c00 ./Middlewares/Third_Party/FreeRTOS/Source/portable/MemMang/heap_4.o
 .bss.xStart    0x0000000020004aac        0x8 ./Middlewares/Third_Party/FreeRTOS/Source/portable/MemMang/heap_4.o
 .bss.pxEnd     0x0000000020004ab4        0x4 ./Middlewares/Third_Party/FreeRTOS/Source/portable/MemMang/heap_4.o
 .bss.xFreeBytesRemaining
                0x0000000020004ab8        0x4 ./Middlewares/Third_Party/FreeRTOS/Source/portable/MemMang/heap_4.o
 .bss.xMinimumEverFreeBytesRemaining
                0x0000000020004abc        0x4 ./Middlewares/Third_Party/FreeRTOS/Source/portable/MemMang/heap_4.o
 .bss.xNumberOfSuccessfulAllocations
                0x0000000020004ac0        0x4 ./Middlewares/Third_Party/FreeRTOS/Source/portable/MemMang/heap_4.o
 .bss.xNumberOfSuccessfulFrees
                0x0000000020004ac4        0x4 ./Middlewares/Third_Party/FreeRTOS/Source/portable/MemMang/heap_4.o
 .bss.xBlockAllocatedBit
                0x0000000020004ac8        0x4 ./Middlewares/Third_Party/FreeRTOS/Source/portable/MemMang/heap_4.o
 *(COMMON)
                0x0000000020004acc                . = ALIGN (0x4)
                0x0000000020004acc                _ebss = .
                0x0000000020004acc                __bss_end__ = _ebss

._user_heap_stack
                0x0000000020004acc      0x604 load address 0x0000000008005fa0
                0x0000000020004ad0                . = ALIGN (0x8)
 *fill*         0x0000000020004acc        0x4 
                [!provide]                        PROVIDE (end = .)
                0x0000000020004ad0                PROVIDE (_end = .)
                0x0000000020004cd0                . = (. + _Min_Heap_Size)
 *fill*         0x0000000020004ad0      0x200 
                0x00000000200050d0                . = (. + _Min_Stack_Size)
 *fill*         0x0000000020004cd0      0x400 
                0x00000000200050d0                . = ALIGN (0x8)

/DISCARD/
 libc.a(*)
 libm.a(*)
 libgcc.a(*)

.ARM.attributes
                0x0000000000000000       0x30
 *(.ARM.attributes)
 .ARM.attributes
                0x0000000000000000       0x1e /Applications/ARM/bin/../lib/gcc/arm-none-eabi/10.2.1/thumb/v7e-m+fp/hard/crti.o
 .ARM.attributes
                0x000000000000001e       0x34 /Applications/ARM/bin/../lib/gcc/arm-none-eabi/10.2.1/thumb/v7e-m+fp/hard/crtbegin.o
 .ARM.attributes
                0x0000000000000052       0x34 ./Core/Src/main.o
 .ARM.attributes
                0x0000000000000086       0x34 ./Core/Src/stm32f4xx_hal_msp.o
 .ARM.attributes
                0x00000000000000ba       0x34 ./Core/Src/stm32f4xx_it.o
 .ARM.attributes
                0x00000000000000ee       0x34 ./Core/Src/system_stm32f4xx.o
 .ARM.attributes
                0x0000000000000122       0x21 ./Core/Startup/startup_stm32f446zetx.o
 .ARM.attributes
                0x0000000000000143       0x34 ./Drivers/STM32F4xx_HAL_Driver/Src/stm32f4xx_hal.o
 .ARM.attributes
                0x0000000000000177       0x34 ./Drivers/STM32F4xx_HAL_Driver/Src/stm32f4xx_hal_cortex.o
 .ARM.attributes
                0x00000000000001ab       0x34 ./Drivers/STM32F4xx_HAL_Driver/Src/stm32f4xx_hal_dma.o
 .ARM.attributes
                0x00000000000001df       0x34 ./Drivers/STM32F4xx_HAL_Driver/Src/stm32f4xx_hal_gpio.o
 .ARM.attributes
                0x0000000000000213       0x34 ./Drivers/STM32F4xx_HAL_Driver/Src/stm32f4xx_hal_rcc.o
 .ARM.attributes
                0x0000000000000247       0x34 ./Drivers/STM32F4xx_HAL_Driver/Src/stm32f4xx_hal_rcc_ex.o
 .ARM.attributes
                0x000000000000027b       0x34 ./Drivers/STM32F4xx_HAL_Driver/Src/stm32f4xx_hal_uart.o
 .ARM.attributes
                0x00000000000002af       0x34 ./Middlewares/Third_Party/FreeRTOS/Source/CMSIS_RTOS_V2/cmsis_os2.o
 .ARM.attributes
                0x00000000000002e3       0x34 ./Middlewares/Third_Party/FreeRTOS/Source/list.o
 .ARM.attributes
                0x0000000000000317       0x34 ./Middlewares/Third_Party/FreeRTOS/Source/queue.o
 .ARM.attributes
                0x000000000000034b       0x34 ./Middlewares/Third_Party/FreeRTOS/Source/tasks.o
 .ARM.attributes
                0x000000000000037f       0x34 ./Middlewares/Third_Party/FreeRTOS/Source/timers.o
 .ARM.attributes
                0x00000000000003b3       0x34 ./Middlewares/Third_Party/FreeRTOS/Source/portable/GCC/ARM_CM4F/port.o
 .ARM.attributes
                0x00000000000003e7       0x34 ./Middlewares/Third_Party/FreeRTOS/Source/portable/MemMang/heap_4.o
 .ARM.attributes
                0x000000000000041b       0x34 /Applications/ARM/bin/../lib/gcc/arm-none-eabi/10.2.1/../../../../arm-none-eabi/lib/thumb/v7e-m+fp/hard/libc_nano.a(lib_a-init.o)
 .ARM.attributes
                0x000000000000044f       0x34 /Applications/ARM/bin/../lib/gcc/arm-none-eabi/10.2.1/../../../../arm-none-eabi/lib/thumb/v7e-m+fp/hard/libc_nano.a(lib_a-memcpy-stub.o)
 .ARM.attributes
                0x0000000000000483       0x34 /Applications/ARM/bin/../lib/gcc/arm-none-eabi/10.2.1/../../../../arm-none-eabi/lib/thumb/v7e-m+fp/hard/libc_nano.a(lib_a-memset.o)
 .ARM.attributes
                0x00000000000004b7       0x1e /Applications/ARM/bin/../lib/gcc/arm-none-eabi/10.2.1/thumb/v7e-m+fp/hard/libgcc.a(_aeabi_uldivmod.o)
 .ARM.attributes
                0x00000000000004d5       0x34 /Applications/ARM/bin/../lib/gcc/arm-none-eabi/10.2.1/thumb/v7e-m+fp/hard/libgcc.a(_udivmoddi4.o)
 .ARM.attributes
                0x0000000000000509       0x1e /Applications/ARM/bin/../lib/gcc/arm-none-eabi/10.2.1/thumb/v7e-m+fp/hard/libgcc.a(_dvmd_tls.o)
 .ARM.attributes
                0x0000000000000527       0x1e /Applications/ARM/bin/../lib/gcc/arm-none-eabi/10.2.1/thumb/v7e-m+fp/hard/crtn.o
OUTPUT(neuROS.elf elf32-littlearm)
LOAD linker stubs
LOAD /Applications/ARM/bin/../lib/gcc/arm-none-eabi/10.2.1/../../../../arm-none-eabi/lib/thumb/v7e-m+fp/hard/libc.a
LOAD /Applications/ARM/bin/../lib/gcc/arm-none-eabi/10.2.1/../../../../arm-none-eabi/lib/thumb/v7e-m+fp/hard/libm.a
LOAD /Applications/ARM/bin/../lib/gcc/arm-none-eabi/10.2.1/thumb/v7e-m+fp/hard/libgcc.a

.debug_info     0x0000000000000000    0x127e0
 .debug_info    0x0000000000000000     0x1108 ./Core/Src/main.o
 .debug_info    0x0000000000001108      0xc25 ./Core/Src/stm32f4xx_hal_msp.o
 .debug_info    0x0000000000001d2d      0x68d ./Core/Src/stm32f4xx_it.o
 .debug_info    0x00000000000023ba      0x55b ./Core/Src/system_stm32f4xx.o
 .debug_info    0x0000000000002915       0x22 ./Core/Startup/startup_stm32f446zetx.o
 .debug_info    0x0000000000002937      0x97f ./Drivers/STM32F4xx_HAL_Driver/Src/stm32f4xx_hal.o
 .debug_info    0x00000000000032b6      0xe39 ./Drivers/STM32F4xx_HAL_Driver/Src/stm32f4xx_hal_cortex.o
 .debug_info    0x00000000000040ef      0x943 ./Drivers/STM32F4xx_HAL_Driver/Src/stm32f4xx_hal_dma.o
 .debug_info    0x0000000000004a32      0x7be ./Drivers/STM32F4xx_HAL_Driver/Src/stm32f4xx_hal_gpio.o
 .debug_info    0x00000000000051f0      0x966 ./Drivers/STM32F4xx_HAL_Driver/Src/stm32f4xx_hal_rcc.o
 .debug_info    0x0000000000005b56      0x9ca ./Drivers/STM32F4xx_HAL_Driver/Src/stm32f4xx_hal_rcc_ex.o
 .debug_info    0x0000000000006520     0x312b ./Drivers/STM32F4xx_HAL_Driver/Src/stm32f4xx_hal_uart.o
 .debug_info    0x000000000000964b     0x347b ./Middlewares/Third_Party/FreeRTOS/Source/CMSIS_RTOS_V2/cmsis_os2.o
 .debug_info    0x000000000000cac6      0x2d1 ./Middlewares/Third_Party/FreeRTOS/Source/list.o
 .debug_info    0x000000000000cd97     0x1b0a ./Middlewares/Third_Party/FreeRTOS/Source/queue.o
 .debug_info    0x000000000000e8a1     0x2226 ./Middlewares/Third_Party/FreeRTOS/Source/tasks.o
 .debug_info    0x0000000000010ac7     0x134f ./Middlewares/Third_Party/FreeRTOS/Source/timers.o
 .debug_info    0x0000000000011e16      0x4f1 ./Middlewares/Third_Party/FreeRTOS/Source/portable/GCC/ARM_CM4F/port.o
 .debug_info    0x0000000000012307      0x4d9 ./Middlewares/Third_Party/FreeRTOS/Source/portable/MemMang/heap_4.o

.debug_abbrev   0x0000000000000000     0x27fe
 .debug_abbrev  0x0000000000000000      0x24a ./Core/Src/main.o
 .debug_abbrev  0x000000000000024a      0x1a2 ./Core/Src/stm32f4xx_hal_msp.o
 .debug_abbrev  0x00000000000003ec      0x13e ./Core/Src/stm32f4xx_it.o
 .debug_abbrev  0x000000000000052a      0x116 ./Core/Src/system_stm32f4xx.o
 .debug_abbrev  0x0000000000000640       0x12 ./Core/Startup/startup_stm32f446zetx.o
 .debug_abbrev  0x0000000000000652      0x1da ./Drivers/STM32F4xx_HAL_Driver/Src/stm32f4xx_hal.o
 .debug_abbrev  0x000000000000082c      0x316 ./Drivers/STM32F4xx_HAL_Driver/Src/stm32f4xx_hal_cortex.o
 .debug_abbrev  0x0000000000000b42      0x246 ./Drivers/STM32F4xx_HAL_Driver/Src/stm32f4xx_hal_dma.o
 .debug_abbrev  0x0000000000000d88      0x1c4 ./Drivers/STM32F4xx_HAL_Driver/Src/stm32f4xx_hal_gpio.o
 .debug_abbrev  0x0000000000000f4c      0x262 ./Drivers/STM32F4xx_HAL_Driver/Src/stm32f4xx_hal_rcc.o
 .debug_abbrev  0x00000000000011ae      0x1c8 ./Drivers/STM32F4xx_HAL_Driver/Src/stm32f4xx_hal_rcc_ex.o
 .debug_abbrev  0x0000000000001376      0x2b3 ./Drivers/STM32F4xx_HAL_Driver/Src/stm32f4xx_hal_uart.o
 .debug_abbrev  0x0000000000001629      0x43e ./Middlewares/Third_Party/FreeRTOS/Source/CMSIS_RTOS_V2/cmsis_os2.o
 .debug_abbrev  0x0000000000001a67       0xf2 ./Middlewares/Third_Party/FreeRTOS/Source/list.o
 .debug_abbrev  0x0000000000001b59      0x307 ./Middlewares/Third_Party/FreeRTOS/Source/queue.o
 .debug_abbrev  0x0000000000001e60      0x2e8 ./Middlewares/Third_Party/FreeRTOS/Source/tasks.o
 .debug_abbrev  0x0000000000002148      0x2ae ./Middlewares/Third_Party/FreeRTOS/Source/timers.o
 .debug_abbrev  0x00000000000023f6      0x231 ./Middlewares/Third_Party/FreeRTOS/Source/portable/GCC/ARM_CM4F/port.o
 .debug_abbrev  0x0000000000002627      0x1d7 ./Middlewares/Third_Party/FreeRTOS/Source/portable/MemMang/heap_4.o

.debug_aranges  0x0000000000000000      0xf48
 .debug_aranges
                0x0000000000000000       0x58 ./Core/Src/main.o
 .debug_aranges
                0x0000000000000058       0x30 ./Core/Src/stm32f4xx_hal_msp.o
 .debug_aranges
                0x0000000000000088       0x70 ./Core/Src/stm32f4xx_it.o
 .debug_aranges
                0x00000000000000f8       0x28 ./Core/Src/system_stm32f4xx.o
 .debug_aranges
                0x0000000000000120       0x28 ./Core/Startup/startup_stm32f446zetx.o
 .debug_aranges
                0x0000000000000148       0xf0 ./Drivers/STM32F4xx_HAL_Driver/Src/stm32f4xx_hal.o
 .debug_aranges
                0x0000000000000238      0x118 ./Drivers/STM32F4xx_HAL_Driver/Src/stm32f4xx_hal_cortex.o
 .debug_aranges
                0x0000000000000350       0x90 ./Drivers/STM32F4xx_HAL_Driver/Src/stm32f4xx_hal_dma.o
 .debug_aranges
                0x00000000000003e0       0x58 ./Drivers/STM32F4xx_HAL_Driver/Src/stm32f4xx_hal_gpio.o
 .debug_aranges
                0x0000000000000438       0x88 ./Drivers/STM32F4xx_HAL_Driver/Src/stm32f4xx_hal_rcc.o
 .debug_aranges
                0x00000000000004c0       0x78 ./Drivers/STM32F4xx_HAL_Driver/Src/stm32f4xx_hal_rcc_ex.o
 .debug_aranges
                0x0000000000000538      0x200 ./Drivers/STM32F4xx_HAL_Driver/Src/stm32f4xx_hal_uart.o
 .debug_aranges
                0x0000000000000738      0x2a8 ./Middlewares/Third_Party/FreeRTOS/Source/CMSIS_RTOS_V2/cmsis_os2.o
 .debug_aranges
                0x00000000000009e0       0x40 ./Middlewares/Third_Party/FreeRTOS/Source/list.o
 .debug_aranges
                0x0000000000000a20      0x158 ./Middlewares/Third_Party/FreeRTOS/Source/queue.o
 .debug_aranges
                0x0000000000000b78      0x208 ./Middlewares/Third_Party/FreeRTOS/Source/tasks.o
 .debug_aranges
                0x0000000000000d80       0xf0 ./Middlewares/Third_Party/FreeRTOS/Source/timers.o
 .debug_aranges
                0x0000000000000e70       0x80 ./Middlewares/Third_Party/FreeRTOS/Source/portable/GCC/ARM_CM4F/port.o
 .debug_aranges
                0x0000000000000ef0       0x58 ./Middlewares/Third_Party/FreeRTOS/Source/portable/MemMang/heap_4.o

.debug_ranges   0x0000000000000000      0xe50
 .debug_ranges  0x0000000000000000       0x48 ./Core/Src/main.o
 .debug_ranges  0x0000000000000048       0x20 ./Core/Src/stm32f4xx_hal_msp.o
 .debug_ranges  0x0000000000000068       0x60 ./Core/Src/stm32f4xx_it.o
 .debug_ranges  0x00000000000000c8       0x18 ./Core/Src/system_stm32f4xx.o
 .debug_ranges  0x00000000000000e0       0x20 ./Core/Startup/startup_stm32f446zetx.o
 .debug_ranges  0x0000000000000100       0xe0 ./Drivers/STM32F4xx_HAL_Driver/Src/stm32f4xx_hal.o
 .debug_ranges  0x00000000000001e0      0x108 ./Drivers/STM32F4xx_HAL_Driver/Src/stm32f4xx_hal_cortex.o
 .debug_ranges  0x00000000000002e8       0x80 ./Drivers/STM32F4xx_HAL_Driver/Src/stm32f4xx_hal_dma.o
 .debug_ranges  0x0000000000000368       0x48 ./Drivers/STM32F4xx_HAL_Driver/Src/stm32f4xx_hal_gpio.o
 .debug_ranges  0x00000000000003b0       0x78 ./Drivers/STM32F4xx_HAL_Driver/Src/stm32f4xx_hal_rcc.o
 .debug_ranges  0x0000000000000428       0x68 ./Drivers/STM32F4xx_HAL_Driver/Src/stm32f4xx_hal_rcc_ex.o
 .debug_ranges  0x0000000000000490      0x220 ./Drivers/STM32F4xx_HAL_Driver/Src/stm32f4xx_hal_uart.o
 .debug_ranges  0x00000000000006b0      0x298 ./Middlewares/Third_Party/FreeRTOS/Source/CMSIS_RTOS_V2/cmsis_os2.o
 .debug_ranges  0x0000000000000948       0x30 ./Middlewares/Third_Party/FreeRTOS/Source/list.o
 .debug_ranges  0x0000000000000978      0x148 ./Middlewares/Third_Party/FreeRTOS/Source/queue.o
 .debug_ranges  0x0000000000000ac0      0x1f8 ./Middlewares/Third_Party/FreeRTOS/Source/tasks.o
 .debug_ranges  0x0000000000000cb8       0xe0 ./Middlewares/Third_Party/FreeRTOS/Source/timers.o
 .debug_ranges  0x0000000000000d98       0x70 ./Middlewares/Third_Party/FreeRTOS/Source/portable/GCC/ARM_CM4F/port.o
 .debug_ranges  0x0000000000000e08       0x48 ./Middlewares/Third_Party/FreeRTOS/Source/portable/MemMang/heap_4.o

.debug_macro    0x0000000000000000     0x27dd
 .debug_macro   0x0000000000000000      0x259 ./Core/Src/main.o
 .debug_macro   0x0000000000000259      0x1c9 ./Core/Src/stm32f4xx_hal_msp.o
 .debug_macro   0x0000000000000422      0x23b ./Core/Src/stm32f4xx_it.o
 .debug_macro   0x000000000000065d      0x1ba ./Core/Src/system_stm32f4xx.o
 .debug_macro   0x0000000000000817      0x21a ./Drivers/STM32F4xx_HAL_Driver/Src/stm32f4xx_hal.o
 .debug_macro   0x0000000000000a31      0x1ba ./Drivers/STM32F4xx_HAL_Driver/Src/stm32f4xx_hal_cortex.o
 .debug_macro   0x0000000000000beb      0x1c0 ./Drivers/STM32F4xx_HAL_Driver/Src/stm32f4xx_hal_dma.o
 .debug_macro   0x0000000000000dab      0x1c0 ./Drivers/STM32F4xx_HAL_Driver/Src/stm32f4xx_hal_gpio.o
 .debug_macro   0x0000000000000f6b      0x1de ./Drivers/STM32F4xx_HAL_Driver/Src/stm32f4xx_hal_rcc.o
 .debug_macro   0x0000000000001149      0x1ba ./Drivers/STM32F4xx_HAL_Driver/Src/stm32f4xx_hal_rcc_ex.o
 .debug_macro   0x0000000000001303      0x1bb ./Drivers/STM32F4xx_HAL_Driver/Src/stm32f4xx_hal_uart.o
 .debug_macro   0x00000000000014be      0x3ac ./Middlewares/Third_Party/FreeRTOS/Source/CMSIS_RTOS_V2/cmsis_os2.o
 .debug_macro   0x000000000000186a       0x10 ./Middlewares/Third_Party/FreeRTOS/Source/CMSIS_RTOS_V2/cmsis_os2.o
 .debug_macro   0x000000000000187a       0xd3 ./Middlewares/Third_Party/FreeRTOS/Source/CMSIS_RTOS_V2/cmsis_os2.o
 .debug_macro   0x000000000000194d       0x91 ./Middlewares/Third_Party/FreeRTOS/Source/CMSIS_RTOS_V2/cmsis_os2.o
 .debug_macro   0x00000000000019de       0x8d ./Middlewares/Third_Party/FreeRTOS/Source/CMSIS_RTOS_V2/cmsis_os2.o
 .debug_macro   0x0000000000001a6b       0x9a ./Middlewares/Third_Party/FreeRTOS/Source/CMSIS_RTOS_V2/cmsis_os2.o
 .debug_macro   0x0000000000001b05       0x22 ./Middlewares/Third_Party/FreeRTOS/Source/CMSIS_RTOS_V2/cmsis_os2.o
 .debug_macro   0x0000000000001b27       0x56 ./Middlewares/Third_Party/FreeRTOS/Source/CMSIS_RTOS_V2/cmsis_os2.o
 .debug_macro   0x0000000000001b7d      0x187 ./Middlewares/Third_Party/FreeRTOS/Source/list.o
 .debug_macro   0x0000000000001d04      0x211 ./Middlewares/Third_Party/FreeRTOS/Source/queue.o
 .debug_macro   0x0000000000001f15       0x87 ./Middlewares/Third_Party/FreeRTOS/Source/queue.o
 .debug_macro   0x0000000000001f9c      0x27a ./Middlewares/Third_Party/FreeRTOS/Source/tasks.o
 .debug_macro   0x0000000000002216       0x10 ./Middlewares/Third_Party/FreeRTOS/Source/tasks.o
 .debug_macro   0x0000000000002226      0x1dc ./Middlewares/Third_Party/FreeRTOS/Source/timers.o
 .debug_macro   0x0000000000002402       0x97 ./Middlewares/Third_Party/FreeRTOS/Source/timers.o
 .debug_macro   0x0000000000002499      0x196 ./Middlewares/Third_Party/FreeRTOS/Source/portable/GCC/ARM_CM4F/port.o
 .debug_macro   0x000000000000262f      0x1ae ./Middlewares/Third_Party/FreeRTOS/Source/portable/MemMang/heap_4.o

.debug_line     0x0000000000000000     0xef52
 .debug_line    0x0000000000000000      0x764 ./Core/Src/main.o
 .debug_line    0x0000000000000764      0x551 ./Core/Src/stm32f4xx_hal_msp.o
 .debug_line    0x0000000000000cb5      0x683 ./Core/Src/stm32f4xx_it.o
 .debug_line    0x0000000000001338      0x4fc ./Core/Src/system_stm32f4xx.o
 .debug_line    0x0000000000001834       0x88 ./Core/Startup/startup_stm32f446zetx.o
 .debug_line    0x00000000000018bc      0x762 ./Drivers/STM32F4xx_HAL_Driver/Src/stm32f4xx_hal.o
 .debug_line    0x000000000000201e      0xa11 ./Drivers/STM32F4xx_HAL_Driver/Src/stm32f4xx_hal_cortex.o
 .debug_line    0x0000000000002a2f      0xcc4 ./Drivers/STM32F4xx_HAL_Driver/Src/stm32f4xx_hal_dma.o
 .debug_line    0x00000000000036f3      0x8c2 ./Drivers/STM32F4xx_HAL_Driver/Src/stm32f4xx_hal_gpio.o
 .debug_line    0x0000000000003fb5      0xaea ./Drivers/STM32F4xx_HAL_Driver/Src/stm32f4xx_hal_rcc.o
 .debug_line    0x0000000000004a9f     0x1170 ./Drivers/STM32F4xx_HAL_Driver/Src/stm32f4xx_hal_rcc_ex.o
 .debug_line    0x0000000000005c0f     0x2807 ./Drivers/STM32F4xx_HAL_Driver/Src/stm32f4xx_hal_uart.o
 .debug_line    0x0000000000008416     0x20cb ./Middlewares/Third_Party/FreeRTOS/Source/CMSIS_RTOS_V2/cmsis_os2.o
 .debug_line    0x000000000000a4e1      0x469 ./Middlewares/Third_Party/FreeRTOS/Source/list.o
 .debug_line    0x000000000000a94a     0x1433 ./Middlewares/Third_Party/FreeRTOS/Source/queue.o
 .debug_line    0x000000000000bd7d     0x1ae8 ./Middlewares/Third_Party/FreeRTOS/Source/tasks.o
 .debug_line    0x000000000000d865      0xac6 ./Middlewares/Third_Party/FreeRTOS/Source/timers.o
 .debug_line    0x000000000000e32b      0x594 ./Middlewares/Third_Party/FreeRTOS/Source/portable/GCC/ARM_CM4F/port.o
 .debug_line    0x000000000000e8bf      0x693 ./Middlewares/Third_Party/FreeRTOS/Source/portable/MemMang/heap_4.o

.debug_str      0x0000000000000000    0xd1dde
 .debug_str     0x0000000000000000    0xc795f ./Core/Src/main.o
                                      0xc7c94 (size before relaxing)
 .debug_str     0x00000000000c795f       0x56 ./Core/Src/stm32f4xx_hal_msp.o
                                      0xc2d29 (size before relaxing)
 .debug_str     0x00000000000c79b5       0xf5 ./Core/Src/stm32f4xx_it.o
                                      0xc64ba (size before relaxing)
 .debug_str     0x00000000000c7aaa       0xdb ./Core/Src/system_stm32f4xx.o
                                      0xc20a4 (size before relaxing)
 .debug_str     0x00000000000c7b85       0x36 ./Core/Startup/startup_stm32f446zetx.o
                                         0x6b (size before relaxing)
 .debug_str     0x00000000000c7bbb      0x60e ./Drivers/STM32F4xx_HAL_Driver/Src/stm32f4xx_hal.o
                                      0xc2c1a (size before relaxing)
 .debug_str     0x00000000000c81c9      0x393 ./Drivers/STM32F4xx_HAL_Driver/Src/stm32f4xx_hal_cortex.o
                                      0xc2977 (size before relaxing)
 .debug_str     0x00000000000c855c      0x322 ./Drivers/STM32F4xx_HAL_Driver/Src/stm32f4xx_hal_dma.o
                                      0xc248d (size before relaxing)
 .debug_str     0x00000000000c887e      0x15f ./Drivers/STM32F4xx_HAL_Driver/Src/stm32f4xx_hal_gpio.o
                                      0xc221f (size before relaxing)
 .debug_str     0x00000000000c89dd      0x259 ./Drivers/STM32F4xx_HAL_Driver/Src/stm32f4xx_hal_rcc.o
                                      0xc24b6 (size before relaxing)
 .debug_str     0x00000000000c8c36      0x324 ./Drivers/STM32F4xx_HAL_Driver/Src/stm32f4xx_hal_rcc_ex.o
                                      0xc24f7 (size before relaxing)
 .debug_str     0x00000000000c8f5a      0x617 ./Drivers/STM32F4xx_HAL_Driver/Src/stm32f4xx_hal_uart.o
                                      0xc29db (size before relaxing)
 .debug_str     0x00000000000c9571     0x58ef ./Middlewares/Third_Party/FreeRTOS/Source/CMSIS_RTOS_V2/cmsis_os2.o
                                      0xcc392 (size before relaxing)
 .debug_str     0x00000000000cee60      0x20f ./Middlewares/Third_Party/FreeRTOS/Source/list.o
                                       0xa621 (size before relaxing)
 .debug_str     0x00000000000cf06f      0x948 ./Middlewares/Third_Party/FreeRTOS/Source/queue.o
                                       0xbf4e (size before relaxing)
 .debug_str     0x00000000000cf9b7     0x12b5 ./Middlewares/Third_Party/FreeRTOS/Source/tasks.o
                                       0xcab0 (size before relaxing)
 .debug_str     0x00000000000d0c6c      0x620 ./Middlewares/Third_Party/FreeRTOS/Source/timers.o
                                       0xc51b (size before relaxing)
 .debug_str     0x00000000000d128c      0x817 ./Middlewares/Third_Party/FreeRTOS/Source/portable/GCC/ARM_CM4F/port.o
                                       0x85aa (size before relaxing)
 .debug_str     0x00000000000d1aa3      0x33b ./Middlewares/Third_Party/FreeRTOS/Source/portable/MemMang/heap_4.o
                                       0xaf14 (size before relaxing)

.comment        0x0000000000000000       0x4d
 .comment       0x0000000000000000       0x4d ./Core/Src/main.o
                                         0x4e (size before relaxing)
 .comment       0x000000000000004d       0x4e ./Core/Src/stm32f4xx_hal_msp.o
 .comment       0x000000000000004d       0x4e ./Core/Src/stm32f4xx_it.o
 .comment       0x000000000000004d       0x4e ./Core/Src/system_stm32f4xx.o
 .comment       0x000000000000004d       0x4e ./Drivers/STM32F4xx_HAL_Driver/Src/stm32f4xx_hal.o
 .comment       0x000000000000004d       0x4e ./Drivers/STM32F4xx_HAL_Driver/Src/stm32f4xx_hal_cortex.o
 .comment       0x000000000000004d       0x4e ./Drivers/STM32F4xx_HAL_Driver/Src/stm32f4xx_hal_dma.o
 .comment       0x000000000000004d       0x4e ./Drivers/STM32F4xx_HAL_Driver/Src/stm32f4xx_hal_gpio.o
 .comment       0x000000000000004d       0x4e ./Drivers/STM32F4xx_HAL_Driver/Src/stm32f4xx_hal_rcc.o
 .comment       0x000000000000004d       0x4e ./Drivers/STM32F4xx_HAL_Driver/Src/stm32f4xx_hal_rcc_ex.o
 .comment       0x000000000000004d       0x4e ./Drivers/STM32F4xx_HAL_Driver/Src/stm32f4xx_hal_uart.o
 .comment       0x000000000000004d       0x4e ./Middlewares/Third_Party/FreeRTOS/Source/CMSIS_RTOS_V2/cmsis_os2.o
 .comment       0x000000000000004d       0x4e ./Middlewares/Third_Party/FreeRTOS/Source/list.o
 .comment       0x000000000000004d       0x4e ./Middlewares/Third_Party/FreeRTOS/Source/queue.o
 .comment       0x000000000000004d       0x4e ./Middlewares/Third_Party/FreeRTOS/Source/tasks.o
 .comment       0x000000000000004d       0x4e ./Middlewares/Third_Party/FreeRTOS/Source/timers.o
 .comment       0x000000000000004d       0x4e ./Middlewares/Third_Party/FreeRTOS/Source/portable/GCC/ARM_CM4F/port.o
 .comment       0x000000000000004d       0x4e ./Middlewares/Third_Party/FreeRTOS/Source/portable/MemMang/heap_4.o

.debug_frame    0x0000000000000000     0x3ee4
 .debug_frame   0x0000000000000000      0x108 ./Core/Src/main.o
 .debug_frame   0x0000000000000108       0x7c ./Core/Src/stm32f4xx_hal_msp.o
 .debug_frame   0x0000000000000184      0x134 ./Core/Src/stm32f4xx_it.o
 .debug_frame   0x00000000000002b8       0x58 ./Core/Src/system_stm32f4xx.o
 .debug_frame   0x0000000000000310      0x374 ./Drivers/STM32F4xx_HAL_Driver/Src/stm32f4xx_hal.o
 .debug_frame   0x0000000000000684      0x498 ./Drivers/STM32F4xx_HAL_Driver/Src/stm32f4xx_hal_cortex.o
 .debug_frame   0x0000000000000b1c      0x250 ./Drivers/STM32F4xx_HAL_Driver/Src/stm32f4xx_hal_dma.o
 .debug_frame   0x0000000000000d6c      0x14c ./Drivers/STM32F4xx_HAL_Driver/Src/stm32f4xx_hal_gpio.o
 .debug_frame   0x0000000000000eb8      0x1f4 ./Drivers/STM32F4xx_HAL_Driver/Src/stm32f4xx_hal_rcc.o
 .debug_frame   0x00000000000010ac      0x1e8 ./Drivers/STM32F4xx_HAL_Driver/Src/stm32f4xx_hal_rcc_ex.o
 .debug_frame   0x0000000000001294      0x92c ./Drivers/STM32F4xx_HAL_Driver/Src/stm32f4xx_hal_uart.o
 .debug_frame   0x0000000000001bc0      0xbc8 ./Middlewares/Third_Party/FreeRTOS/Source/CMSIS_RTOS_V2/cmsis_os2.o
 .debug_frame   0x0000000000002788       0xd8 ./Middlewares/Third_Party/FreeRTOS/Source/list.o
 .debug_frame   0x0000000000002860      0x5ec ./Middlewares/Third_Party/FreeRTOS/Source/queue.o
 .debug_frame   0x0000000000002e4c      0x8f0 ./Middlewares/Third_Party/FreeRTOS/Source/tasks.o
 .debug_frame   0x000000000000373c      0x400 ./Middlewares/Third_Party/FreeRTOS/Source/timers.o
 .debug_frame   0x0000000000003b3c      0x1a8 ./Middlewares/Third_Party/FreeRTOS/Source/portable/GCC/ARM_CM4F/port.o
 .debug_frame   0x0000000000003ce4      0x12c ./Middlewares/Third_Party/FreeRTOS/Source/portable/MemMang/heap_4.o
 .debug_frame   0x0000000000003e10       0x2c /Applications/ARM/bin/../lib/gcc/arm-none-eabi/10.2.1/../../../../arm-none-eabi/lib/thumb/v7e-m+fp/hard/libc_nano.a(lib_a-init.o)
 .debug_frame   0x0000000000003e3c       0x28 /Applications/ARM/bin/../lib/gcc/arm-none-eabi/10.2.1/../../../../arm-none-eabi/lib/thumb/v7e-m+fp/hard/libc_nano.a(lib_a-memcpy-stub.o)
 .debug_frame   0x0000000000003e64       0x20 /Applications/ARM/bin/../lib/gcc/arm-none-eabi/10.2.1/../../../../arm-none-eabi/lib/thumb/v7e-m+fp/hard/libc_nano.a(lib_a-memset.o)
 .debug_frame   0x0000000000003e84       0x2c /Applications/ARM/bin/../lib/gcc/arm-none-eabi/10.2.1/thumb/v7e-m+fp/hard/libgcc.a(_aeabi_uldivmod.o)
 .debug_frame   0x0000000000003eb0       0x34 /Applications/ARM/bin/../lib/gcc/arm-none-eabi/10.2.1/thumb/v7e-m+fp/hard/libgcc.a(_udivmoddi4.o)
